<?xml version="1.0" encoding="UTF-8" ?>
<testsuites disabled="0" errors="0" failures="0" tests="6" time="0.042">
 <testsuite name="orderLeaderBoard test" timestamp="2023-04-18T12:39:13" hostname="localhost" time="0.018" errors="0" tests="0" skipped="0" disabled="0" failures="0">
 </testsuite>
 <testsuite name="orderLeaderBoard test.when the input is invalid" timestamp="2023-04-18T12:39:13" hostname="localhost" time="0.009" errors="0" tests="3" skipped="0" disabled="0" failures="0">
  <testcase classname="orderLeaderBoard test.when the input is invalid" name="should return an error if the input is undefined" time="0.003" />
  <testcase classname="orderLeaderBoard test.when the input is invalid" name="should return an error if the input is null" time="0.001" />
  <testcase classname="orderLeaderBoard test.when the input is invalid" name="should return an error if the input is a list with less than 3 teams" time="0.002" />
 </testsuite>
 <testsuite name="orderLeaderBoard test.when the input is valid" timestamp="2023-04-18T12:39:13" hostname="localhost" time="0.008" errors="0" tests="0" skipped="0" disabled="0" failures="0">
 </testsuite>
 <testsuite name="orderLeaderBoard test.when the input is valid.when all the teams have 0 points" timestamp="2023-04-18T12:39:13" hostname="localhost" time="0.004" errors="0" tests="1" skipped="0" disabled="0" failures="0">
  <testcase classname="orderLeaderBoard test.when the input is valid.when all the teams have 0 points" name="should return the same value as the input" time="0.001" />
 </testsuite>
 <testsuite name="orderLeaderBoard test.when the input is valid.with multiple teams with non 0 points" timestamp="2023-04-18T12:39:13" hostname="localhost" time="0.001" errors="0" tests="1" skipped="0" disabled="0" failures="0">
  <testcase classname="orderLeaderBoard test.when the input is valid.with multiple teams with non 0 points" name="should return the ordered list" time="0.001" />
 </testsuite>
 <testsuite name="orderLeaderBoard test.when the input is valid.with few teams with non 0 points" timestamp="2023-04-18T12:39:13" hostname="localhost" time="0.002" errors="0" tests="1" skipped="0" disabled="0" failures="0">
  <testcase classname="orderLeaderBoard test.when the input is valid.with few teams with non 0 points" name="should return the ordered list" time="0" />
 </testsuite>
</testsuites>